Analysis & Synthesis report for synthi_top
Mon Apr 10 15:59:11 2023
Quartus Prime Version 21.1.0 Build 842 10/21/2021 SJ Lite Edition


---------------------
; Table of Contents ;
---------------------
  1. Legal Notice
  2. Analysis & Synthesis Summary
  3. Analysis & Synthesis Settings
  4. Parallel Compilation
  5. Analysis & Synthesis Messages



----------------
; Legal Notice ;
----------------
Copyright (C) 2021  Intel Corporation. All rights reserved.
Your use of Intel Corporation's design tools, logic functions 
and other software and tools, and any partner logic 
functions, and any output files from any of the foregoing 
(including device programming or simulation files), and any 
associated documentation or information are expressly subject 
to the terms and conditions of the Intel Program License 
Subscription Agreement, the Intel Quartus Prime License Agreement,
the Intel FPGA IP License Agreement, or other applicable license
agreement, including, without limitation, that your use is for
the sole purpose of programming logic devices manufactured by
Intel and sold by Intel or its authorized distributors.  Please
refer to the applicable agreement for further details, at
https://fpgasoftware.intel.com/eula.



+----------------------------------------------------------------------------------+
; Analysis & Synthesis Summary                                                     ;
+------------------------------------+---------------------------------------------+
; Analysis & Synthesis Status        ; Failed - Mon Apr 10 15:59:11 2023           ;
; Quartus Prime Version              ; 21.1.0 Build 842 10/21/2021 SJ Lite Edition ;
; Revision Name                      ; synthi_top                                  ;
; Top-level Entity Name              ; dds                                         ;
; Family                             ; MAX 10                                      ;
; Total logic elements               ; N/A until Partition Merge                   ;
;     Total combinational functions  ; N/A until Partition Merge                   ;
;     Dedicated logic registers      ; N/A until Partition Merge                   ;
; Total registers                    ; N/A until Partition Merge                   ;
; Total pins                         ; N/A until Partition Merge                   ;
; Total virtual pins                 ; N/A until Partition Merge                   ;
; Total memory bits                  ; N/A until Partition Merge                   ;
; Embedded Multiplier 9-bit elements ; N/A until Partition Merge                   ;
; Total PLLs                         ; N/A until Partition Merge                   ;
; UFM blocks                         ; N/A until Partition Merge                   ;
; ADC blocks                         ; N/A until Partition Merge                   ;
+------------------------------------+---------------------------------------------+


+------------------------------------------------------------------------------------------------------------+
; Analysis & Synthesis Settings                                                                              ;
+------------------------------------------------------------------+--------------------+--------------------+
; Option                                                           ; Setting            ; Default Value      ;
+------------------------------------------------------------------+--------------------+--------------------+
; Device                                                           ; 10M50DAF484C7G     ;                    ;
; Top-level entity name                                            ; dds                ; synthi_top         ;
; Family name                                                      ; MAX 10             ; Cyclone V          ;
; Maximum processors allowed for parallel compilation              ; All                ;                    ;
; VHDL Show LMF Mapping Messages                                   ; Off                ;                    ;
; VHDL Version                                                     ; VHDL_2008          ; VHDL_1993          ;
; Use smart compilation                                            ; Off                ; Off                ;
; Enable parallel Assembler and Timing Analyzer during compilation ; On                 ; On                 ;
; Enable compact report table                                      ; Off                ; Off                ;
; Restructure Multiplexers                                         ; Auto               ; Auto               ;
; Create Debugging Nodes for IP Cores                              ; Off                ; Off                ;
; Preserve fewer node names                                        ; On                 ; On                 ;
; Intel FPGA IP Evaluation Mode                                    ; Enable             ; Enable             ;
; Verilog Version                                                  ; Verilog_2001       ; Verilog_2001       ;
; State Machine Processing                                         ; Auto               ; Auto               ;
; Safe State Machine                                               ; Off                ; Off                ;
; Extract Verilog State Machines                                   ; On                 ; On                 ;
; Extract VHDL State Machines                                      ; On                 ; On                 ;
; Ignore Verilog initial constructs                                ; Off                ; Off                ;
; Iteration limit for constant Verilog loops                       ; 5000               ; 5000               ;
; Iteration limit for non-constant Verilog loops                   ; 250                ; 250                ;
; Add Pass-Through Logic to Inferred RAMs                          ; On                 ; On                 ;
; Infer RAMs from Raw Logic                                        ; On                 ; On                 ;
; Parallel Synthesis                                               ; On                 ; On                 ;
; DSP Block Balancing                                              ; Auto               ; Auto               ;
; NOT Gate Push-Back                                               ; On                 ; On                 ;
; Power-Up Don't Care                                              ; On                 ; On                 ;
; Remove Redundant Logic Cells                                     ; Off                ; Off                ;
; Remove Duplicate Registers                                       ; On                 ; On                 ;
; Ignore CARRY Buffers                                             ; Off                ; Off                ;
; Ignore CASCADE Buffers                                           ; Off                ; Off                ;
; Ignore GLOBAL Buffers                                            ; Off                ; Off                ;
; Ignore ROW GLOBAL Buffers                                        ; Off                ; Off                ;
; Ignore LCELL Buffers                                             ; Off                ; Off                ;
; Ignore SOFT Buffers                                              ; On                 ; On                 ;
; Limit AHDL Integers to 32 Bits                                   ; Off                ; Off                ;
; Optimization Technique                                           ; Balanced           ; Balanced           ;
; Carry Chain Length                                               ; 70                 ; 70                 ;
; Auto Carry Chains                                                ; On                 ; On                 ;
; Auto Open-Drain Pins                                             ; On                 ; On                 ;
; Perform WYSIWYG Primitive Resynthesis                            ; Off                ; Off                ;
; Auto ROM Replacement                                             ; On                 ; On                 ;
; Auto RAM Replacement                                             ; On                 ; On                 ;
; Auto DSP Block Replacement                                       ; On                 ; On                 ;
; Auto Shift Register Replacement                                  ; Auto               ; Auto               ;
; Allow Shift Register Merging across Hierarchies                  ; Auto               ; Auto               ;
; Auto Clock Enable Replacement                                    ; On                 ; On                 ;
; Strict RAM Replacement                                           ; Off                ; Off                ;
; Allow Synchronous Control Signals                                ; On                 ; On                 ;
; Force Use of Synchronous Clear Signals                           ; Off                ; Off                ;
; Auto RAM Block Balancing                                         ; On                 ; On                 ;
; Auto RAM to Logic Cell Conversion                                ; Off                ; Off                ;
; Auto Resource Sharing                                            ; Off                ; Off                ;
; Allow Any RAM Size For Recognition                               ; Off                ; Off                ;
; Allow Any ROM Size For Recognition                               ; Off                ; Off                ;
; Allow Any Shift Register Size For Recognition                    ; Off                ; Off                ;
; Use LogicLock Constraints during Resource Balancing              ; On                 ; On                 ;
; Ignore translate_off and synthesis_off directives                ; Off                ; Off                ;
; Timing-Driven Synthesis                                          ; On                 ; On                 ;
; Report Parameter Settings                                        ; On                 ; On                 ;
; Report Source Assignments                                        ; On                 ; On                 ;
; Report Connectivity Checks                                       ; On                 ; On                 ;
; Ignore Maximum Fan-Out Assignments                               ; Off                ; Off                ;
; Synchronization Register Chain Length                            ; 2                  ; 2                  ;
; Power Optimization During Synthesis                              ; Normal compilation ; Normal compilation ;
; HDL message level                                                ; Level2             ; Level2             ;
; Suppress Register Optimization Related Messages                  ; Off                ; Off                ;
; Number of Removed Registers Reported in Synthesis Report         ; 5000               ; 5000               ;
; Number of Swept Nodes Reported in Synthesis Report               ; 5000               ; 5000               ;
; Number of Inverted Registers Reported in Synthesis Report        ; 100                ; 100                ;
; Clock MUX Protection                                             ; On                 ; On                 ;
; Auto Gated Clock Conversion                                      ; Off                ; Off                ;
; Block Design Naming                                              ; Auto               ; Auto               ;
; SDC constraint protection                                        ; Off                ; Off                ;
; Synthesis Effort                                                 ; Auto               ; Auto               ;
; Shift Register Replacement - Allow Asynchronous Clear Signal     ; On                 ; On                 ;
; Pre-Mapping Resynthesis Optimization                             ; Off                ; Off                ;
; Analysis & Synthesis Message Level                               ; Medium             ; Medium             ;
; Disable Register Merging Across Hierarchies                      ; Auto               ; Auto               ;
; Resource Aware Inference For Block RAM                           ; On                 ; On                 ;
+------------------------------------------------------------------+--------------------+--------------------+


+------------------------------------------+
; Parallel Compilation                     ;
+----------------------------+-------------+
; Processors                 ; Number      ;
+----------------------------+-------------+
; Number detected on machine ; 8           ;
; Maximum allowed            ; 4           ;
;                            ;             ;
; Average used               ; 1.00        ;
; Maximum used               ; 1           ;
;                            ;             ;
; Usage by Processor         ; % Time Used ;
;     Processor 1            ; 100.0%      ;
+----------------------------+-------------+


+-------------------------------+
; Analysis & Synthesis Messages ;
+-------------------------------+
Info: *******************************************************************
Info: Running Quartus Prime Analysis & Synthesis
    Info: Version 21.1.0 Build 842 10/21/2021 SJ Lite Edition
    Info: Processing started: Mon Apr 10 15:59:00 2023
Info: Command: quartus_map --read_settings_files=on --write_settings_files=off synthi_top -c synthi_top
Info (20030): Parallel compilation is enabled and will use 4 of the 4 processors detected
Info (12021): Found 2 design units, including 1 entities, in source file /users/andri/synology/synologydrive/05_zhaw/fs23/pm2/github_/synthi_t1/synthi_project/source/dds/tone_generator.vhd
    Info (12022): Found design unit 1: tone_generator-str File: C:/Users/andri/Synology/SynologyDrive/05_ZHAW/FS23/PM2/github_/Synthi_T1/synthi_project/source/dds/tone_generator.vhd Line: 51
    Info (12023): Found entity 1: tone_generator File: C:/Users/andri/Synology/SynologyDrive/05_ZHAW/FS23/PM2/github_/Synthi_T1/synthi_project/source/dds/tone_generator.vhd Line: 31
Info (12021): Found 1 design units, including 0 entities, in source file /users/andri/synology/synologydrive/05_zhaw/fs23/pm2/github_/synthi_t1/synthi_project/source/dds/tone_gen_pkg.vhd
    Info (12022): Found design unit 1: tone_gen_pkg File: C:/Users/andri/Synology/SynologyDrive/05_ZHAW/FS23/PM2/github_/Synthi_T1/synthi_project/source/dds/tone_gen_pkg.vhd Line: 25
Info (12021): Found 2 design units, including 1 entities, in source file /users/andri/synology/synologydrive/05_zhaw/fs23/pm2/github_/synthi_t1/synthi_project/source/dds/dds.vhd
    Info (12022): Found design unit 1: dds-rtl File: C:/Users/andri/Synology/SynologyDrive/05_ZHAW/FS23/PM2/github_/Synthi_T1/synthi_project/source/dds/dds.vhd Line: 50
    Info (12023): Found entity 1: dds File: C:/Users/andri/Synology/SynologyDrive/05_ZHAW/FS23/PM2/github_/Synthi_T1/synthi_project/source/dds/dds.vhd Line: 30
Info (12021): Found 2 design units, including 1 entities, in source file /users/andri/synology/synologydrive/05_zhaw/fs23/pm2/github_/synthi_t1/synthi_project/source/i2s/uni_shiftreg.vhd
    Info (12022): Found design unit 1: uni_shiftreg-str File: C:/Users/andri/Synology/SynologyDrive/05_ZHAW/FS23/PM2/github_/Synthi_T1/synthi_project/source/i2s/uni_shiftreg.vhd Line: 41
    Info (12023): Found entity 1: uni_shiftreg File: C:/Users/andri/Synology/SynologyDrive/05_ZHAW/FS23/PM2/github_/Synthi_T1/synthi_project/source/i2s/uni_shiftreg.vhd Line: 26
Info (12021): Found 2 design units, including 1 entities, in source file /users/andri/synology/synologydrive/05_zhaw/fs23/pm2/github_/synthi_t1/synthi_project/source/i2s/path_ctrl.vhd
    Info (12022): Found design unit 1: path_ctrl-str File: C:/Users/andri/Synology/SynologyDrive/05_ZHAW/FS23/PM2/github_/Synthi_T1/synthi_project/source/i2s/path_ctrl.vhd Line: 43
    Info (12023): Found entity 1: path_ctrl File: C:/Users/andri/Synology/SynologyDrive/05_ZHAW/FS23/PM2/github_/Synthi_T1/synthi_project/source/i2s/path_ctrl.vhd Line: 27
Info (12021): Found 2 design units, including 1 entities, in source file /users/andri/synology/synologydrive/05_zhaw/fs23/pm2/github_/synthi_t1/synthi_project/source/i2s/mux_2_1.vhd
    Info (12022): Found design unit 1: mux_2_1-str File: C:/Users/andri/Synology/SynologyDrive/05_ZHAW/FS23/PM2/github_/Synthi_T1/synthi_project/source/i2s/mux_2_1.vhd Line: 38
    Info (12023): Found entity 1: mux_2_1 File: C:/Users/andri/Synology/SynologyDrive/05_ZHAW/FS23/PM2/github_/Synthi_T1/synthi_project/source/i2s/mux_2_1.vhd Line: 27
Info (12021): Found 2 design units, including 1 entities, in source file /users/andri/synology/synologydrive/05_zhaw/fs23/pm2/github_/synthi_t1/synthi_project/source/i2s/i2s_master.vhd
    Info (12022): Found design unit 1: i2s_master-str File: C:/Users/andri/Synology/SynologyDrive/05_ZHAW/FS23/PM2/github_/Synthi_T1/synthi_project/source/i2s/i2s_master.vhd Line: 48
    Info (12023): Found entity 1: i2s_master File: C:/Users/andri/Synology/SynologyDrive/05_ZHAW/FS23/PM2/github_/Synthi_T1/synthi_project/source/i2s/i2s_master.vhd Line: 28
Info (12021): Found 2 design units, including 1 entities, in source file /users/andri/synology/synologydrive/05_zhaw/fs23/pm2/github_/synthi_t1/synthi_project/source/i2s/i2s_frame_generator.vhd
    Info (12022): Found design unit 1: i2s_frame_generator-str File: C:/Users/andri/Synology/SynologyDrive/05_ZHAW/FS23/PM2/github_/Synthi_T1/synthi_project/source/i2s/i2s_frame_generator.vhd Line: 43
    Info (12023): Found entity 1: i2s_frame_generator File: C:/Users/andri/Synology/SynologyDrive/05_ZHAW/FS23/PM2/github_/Synthi_T1/synthi_project/source/i2s/i2s_frame_generator.vhd Line: 27
Info (12021): Found 1 design units, including 0 entities, in source file /users/andri/synology/synologydrive/05_zhaw/fs23/pm2/github_/synthi_t1/synthi_project/source/reg_table_pkg.vhd
    Info (12022): Found design unit 1: reg_table_pkg File: C:/Users/andri/Synology/SynologyDrive/05_ZHAW/FS23/PM2/github_/Synthi_T1/synthi_project/source/reg_table_pkg.vhd Line: 26
Info (12021): Found 2 design units, including 1 entities, in source file /users/andri/synology/synologydrive/05_zhaw/fs23/pm2/github_/synthi_t1/synthi_project/source/i2c_slave_bfm.vhd
    Info (12022): Found design unit 1: i2c_slave_bfm-bfm File: C:/Users/andri/Synology/SynologyDrive/05_ZHAW/FS23/PM2/github_/Synthi_T1/synthi_project/source/i2c_slave_bfm.vhd Line: 32
    Info (12023): Found entity 1: i2c_slave_bfm File: C:/Users/andri/Synology/SynologyDrive/05_ZHAW/FS23/PM2/github_/Synthi_T1/synthi_project/source/i2c_slave_bfm.vhd Line: 7
Info (12021): Found 2 design units, including 1 entities, in source file /users/andri/synology/synologydrive/05_zhaw/fs23/pm2/github_/synthi_t1/synthi_project/source/codec_controller.vhd
    Info (12022): Found design unit 1: codec_controller-rtl File: C:/Users/andri/Synology/SynologyDrive/05_ZHAW/FS23/PM2/github_/Synthi_T1/synthi_project/source/codec_controller.vhd Line: 43
    Info (12023): Found entity 1: codec_controller File: C:/Users/andri/Synology/SynologyDrive/05_ZHAW/FS23/PM2/github_/Synthi_T1/synthi_project/source/codec_controller.vhd Line: 27
Info (12021): Found 2 design units, including 1 entities, in source file /users/andri/synology/synologydrive/05_zhaw/fs23/pm2/github_/synthi_t1/synthi_project/source/i2c_master.vhd
    Info (12022): Found design unit 1: i2c_master-rtl File: C:/Users/andri/Synology/SynologyDrive/05_ZHAW/FS23/PM2/github_/Synthi_T1/synthi_project/source/i2c_master.vhd Line: 40
    Info (12023): Found entity 1: i2c_master File: C:/Users/andri/Synology/SynologyDrive/05_ZHAW/FS23/PM2/github_/Synthi_T1/synthi_project/source/i2c_master.vhd Line: 22
Info (12021): Found 2 design units, including 1 entities, in source file /users/andri/synology/synologydrive/05_zhaw/fs23/pm2/github_/synthi_t1/synthi_project/source/modulo_divider.vhd
    Info (12022): Found design unit 1: modulo_divider-rtl File: C:/Users/andri/Synology/SynologyDrive/05_ZHAW/FS23/PM2/github_/Synthi_T1/synthi_project/source/modulo_divider.vhd Line: 29
    Info (12023): Found entity 1: modulo_divider File: C:/Users/andri/Synology/SynologyDrive/05_ZHAW/FS23/PM2/github_/Synthi_T1/synthi_project/source/modulo_divider.vhd Line: 19
Info (12021): Found 2 design units, including 1 entities, in source file /users/andri/synology/synologydrive/05_zhaw/fs23/pm2/github_/synthi_t1/synthi_project/source/clock_sync.vhd
    Info (12022): Found design unit 1: clock_sync-rtl File: C:/Users/andri/Synology/SynologyDrive/05_ZHAW/FS23/PM2/github_/Synthi_T1/synthi_project/source/clock_sync.vhd Line: 23
    Info (12023): Found entity 1: clock_sync File: C:/Users/andri/Synology/SynologyDrive/05_ZHAW/FS23/PM2/github_/Synthi_T1/synthi_project/source/clock_sync.vhd Line: 14
Info (12021): Found 2 design units, including 1 entities, in source file /users/andri/synology/synologydrive/05_zhaw/fs23/pm2/github_/synthi_t1/synthi_project/source/infrastructure.vhd
    Info (12022): Found design unit 1: infrastructure-str File: C:/Users/andri/Synology/SynologyDrive/05_ZHAW/FS23/PM2/github_/Synthi_T1/synthi_project/source/infrastructure.vhd Line: 44
    Info (12023): Found entity 1: infrastructure File: C:/Users/andri/Synology/SynologyDrive/05_ZHAW/FS23/PM2/github_/Synthi_T1/synthi_project/source/infrastructure.vhd Line: 28
Info (12021): Found 2 design units, including 1 entities, in source file /users/andri/synology/synologydrive/05_zhaw/fs23/pm2/github_/synthi_t1/synthi_project/source/flanken_detekt_vhdl.vhd
    Info (12022): Found design unit 1: flanken_detekt_vhdl-rtl File: C:/Users/andri/Synology/SynologyDrive/05_ZHAW/FS23/PM2/github_/Synthi_T1/synthi_project/source/flanken_detekt_vhdl.vhd Line: 26
    Info (12023): Found entity 1: flanken_detekt_vhdl File: C:/Users/andri/Synology/SynologyDrive/05_ZHAW/FS23/PM2/github_/Synthi_T1/synthi_project/source/flanken_detekt_vhdl.vhd Line: 15
Info (12021): Found 2 design units, including 1 entities, in source file /users/andri/synology/synologydrive/05_zhaw/fs23/pm2/github_/synthi_t1/synthi_project/source/baud_tick.vhd
    Info (12022): Found design unit 1: baud_tick-rtl File: C:/Users/andri/Synology/SynologyDrive/05_ZHAW/FS23/PM2/github_/Synthi_T1/synthi_project/source/baud_tick.vhd Line: 36
    Info (12023): Found entity 1: baud_tick File: C:/Users/andri/Synology/SynologyDrive/05_ZHAW/FS23/PM2/github_/Synthi_T1/synthi_project/source/baud_tick.vhd Line: 25
Info (12021): Found 2 design units, including 1 entities, in source file /users/andri/synology/synologydrive/05_zhaw/fs23/pm2/github_/synthi_t1/synthi_project/source/vhdl_hex2sevseg.vhd
    Info (12022): Found design unit 1: vhdl_hex2sevseg-comb File: C:/Users/andri/Synology/SynologyDrive/05_ZHAW/FS23/PM2/github_/Synthi_T1/synthi_project/source/vhdl_hex2sevseg.vhd Line: 36
    Info (12023): Found entity 1: vhdl_hex2sevseg File: C:/Users/andri/Synology/SynologyDrive/05_ZHAW/FS23/PM2/github_/Synthi_T1/synthi_project/source/vhdl_hex2sevseg.vhd Line: 23
Info (12021): Found 2 design units, including 1 entities, in source file /users/andri/synology/synologydrive/05_zhaw/fs23/pm2/github_/synthi_t1/synthi_project/source/uart_controller_fsm.vhd
    Info (12022): Found design unit 1: uart_controller_fsm-rtl File: C:/Users/andri/Synology/SynologyDrive/05_ZHAW/FS23/PM2/github_/Synthi_T1/synthi_project/source/uart_controller_fsm.vhd Line: 34
    Info (12023): Found entity 1: uart_controller_fsm File: C:/Users/andri/Synology/SynologyDrive/05_ZHAW/FS23/PM2/github_/Synthi_T1/synthi_project/source/uart_controller_fsm.vhd Line: 18
Info (12021): Found 2 design units, including 1 entities, in source file /users/andri/synology/synologydrive/05_zhaw/fs23/pm2/github_/synthi_t1/synthi_project/source/signal_checker.vhd
    Info (12022): Found design unit 1: signal_checker-rtl File: C:/Users/andri/Synology/SynologyDrive/05_ZHAW/FS23/PM2/github_/Synthi_T1/synthi_project/source/signal_checker.vhd Line: 29
    Info (12023): Found entity 1: signal_checker File: C:/Users/andri/Synology/SynologyDrive/05_ZHAW/FS23/PM2/github_/Synthi_T1/synthi_project/source/signal_checker.vhd Line: 19
Info (12021): Found 2 design units, including 1 entities, in source file /users/andri/synology/synologydrive/05_zhaw/fs23/pm2/github_/synthi_t1/synthi_project/source/shiftreg_uart.vhd
    Info (12022): Found design unit 1: shiftreg_uart-rtl File: C:/Users/andri/Synology/SynologyDrive/05_ZHAW/FS23/PM2/github_/Synthi_T1/synthi_project/source/shiftreg_uart.vhd Line: 39
    Info (12023): Found entity 1: shiftreg_uart File: C:/Users/andri/Synology/SynologyDrive/05_ZHAW/FS23/PM2/github_/Synthi_T1/synthi_project/source/shiftreg_uart.vhd Line: 22
Info (12021): Found 2 design units, including 1 entities, in source file /users/andri/synology/synologydrive/05_zhaw/fs23/pm2/github_/synthi_t1/synthi_project/source/output_register.vhd
    Info (12022): Found design unit 1: output_register-rtl File: C:/Users/andri/Synology/SynologyDrive/05_ZHAW/FS23/PM2/github_/Synthi_T1/synthi_project/source/output_register.vhd Line: 41
    Info (12023): Found entity 1: output_register File: C:/Users/andri/Synology/SynologyDrive/05_ZHAW/FS23/PM2/github_/Synthi_T1/synthi_project/source/output_register.vhd Line: 26
Info (12021): Found 2 design units, including 1 entities, in source file /users/andri/synology/synologydrive/05_zhaw/fs23/pm2/github_/synthi_t1/synthi_project/source/bit_counter.vhd
    Info (12022): Found design unit 1: bit_counter-rtl File: C:/Users/andri/Synology/SynologyDrive/05_ZHAW/FS23/PM2/github_/Synthi_T1/synthi_project/source/bit_counter.vhd Line: 37
    Info (12023): Found entity 1: bit_counter File: C:/Users/andri/Synology/SynologyDrive/05_ZHAW/FS23/PM2/github_/Synthi_T1/synthi_project/source/bit_counter.vhd Line: 25
Info (12021): Found 2 design units, including 1 entities, in source file /users/andri/synology/synologydrive/05_zhaw/fs23/pm2/github_/synthi_t1/synthi_project/source/uart_top.vhd
    Info (12022): Found design unit 1: uart_top-bdf_type File: C:/Users/andri/Synology/SynologyDrive/05_ZHAW/FS23/PM2/github_/Synthi_T1/synthi_project/source/uart_top.vhd Line: 38
    Info (12023): Found entity 1: uart_top File: C:/Users/andri/Synology/SynologyDrive/05_ZHAW/FS23/PM2/github_/Synthi_T1/synthi_project/source/uart_top.vhd Line: 25
Info (12021): Found 2 design units, including 1 entities, in source file /users/andri/synology/synologydrive/05_zhaw/fs23/pm2/github_/synthi_t1/synthi_project/source/synthi_top.vhd
    Info (12022): Found design unit 1: synthi_top-struct File: C:/Users/andri/Synology/SynologyDrive/05_ZHAW/FS23/PM2/github_/Synthi_T1/synthi_project/source/synthi_top.vhd Line: 72
    Info (12023): Found entity 1: synthi_top File: C:/Users/andri/Synology/SynologyDrive/05_ZHAW/FS23/PM2/github_/Synthi_T1/synthi_project/source/synthi_top.vhd Line: 28
Error (10305): VHDL Type Conversion error at dds.vhd(67): cannot convert type "std_logic" to type "UNSIGNED" File: C:/Users/andri/Synology/SynologyDrive/05_ZHAW/FS23/PM2/github_/Synthi_T1/synthi_project/source/dds/dds.vhd Line: 67
Error: Quartus Prime Analysis & Synthesis was unsuccessful. 1 error, 0 warnings
    Error: Peak virtual memory: 4795 megabytes
    Error: Processing ended: Mon Apr 10 15:59:12 2023
    Error: Elapsed time: 00:00:12
    Error: Total CPU time (on all processors): 00:00:16


